// Jest Snapshot v1, https://goo.gl/fbAQLP

exports[`Loading Component Snapshot 1`] = `"<div>loading...</div>"`;
